// Jest Snapshot v1, https://goo.gl/fbAQLP

exports[`testing the app testing DragonPage UI 1`] = `<div />`;
